%!Adobe-FontList 1.11
%Locale:0x80a

%BeginFont
Handler:DirectoryHandler
FontType:Invalid
OutlineFileName:C:\xampp\htdocs\Tienda de discos\Font\courier.php
FileModTime:1005505414
%EndFont

%BeginFont
Handler:DirectoryHandler
FontType:Invalid
OutlineFileName:C:\xampp\htdocs\Tienda de discos\Font\fpdf.php
FileModTime:1104544016
%EndFont

%BeginFont
Handler:DirectoryHandler
FontType:Invalid
OutlineFileName:C:\xampp\htdocs\Tienda de discos\Font\helvetica.php
FileModTime:1004680296
%EndFont

%BeginFont
Handler:DirectoryHandler
FontType:Invalid
OutlineFileName:C:\xampp\htdocs\Tienda de discos\Font\helveticab.php
FileModTime:1004680576
%EndFont

%BeginFont
Handler:DirectoryHandler
FontType:Invalid
OutlineFileName:C:\xampp\htdocs\Tienda de discos\Font\helveticabi.php
FileModTime:1004680758
%EndFont

%BeginFont
Handler:DirectoryHandler
FontType:Invalid
OutlineFileName:C:\xampp\htdocs\Tienda de discos\Font\helveticai.php
FileModTime:1004680662
%EndFont

%BeginFont
Handler:DirectoryHandler
FontType:Invalid
OutlineFileName:C:\xampp\htdocs\Tienda de discos\Font\symbol.php
FileModTime:1004831292
%EndFont

%BeginFont
Handler:DirectoryHandler
FontType:Invalid
OutlineFileName:C:\xampp\htdocs\Tienda de discos\Font\times.php
FileModTime:1004589694
%EndFont

%BeginFont
Handler:DirectoryHandler
FontType:Invalid
OutlineFileName:C:\xampp\htdocs\Tienda de discos\Font\timesb.php
FileModTime:1004679726
%EndFont

%BeginFont
Handler:DirectoryHandler
FontType:Invalid
OutlineFileName:C:\xampp\htdocs\Tienda de discos\Font\timesbi.php
FileModTime:1004680008
%EndFont

%BeginFont
Handler:DirectoryHandler
FontType:Invalid
OutlineFileName:C:\xampp\htdocs\Tienda de discos\Font\timesi.php
FileModTime:1004679964
%EndFont

%BeginFont
Handler:DirectoryHandler
FontType:Invalid
OutlineFileName:C:\xampp\htdocs\Tienda de discos\Font\zapfdingbats.php
FileModTime:1004905822
%EndFont

%BeginFont
Handler:DirectoryHandler
FontType:Invalid
OutlineFileName:C:\xampp\htdocs\Tienda de discos\Font\Makefont\cp1250.map
FileModTime:1021153452
%EndFont

%BeginFont
Handler:DirectoryHandler
FontType:Invalid
OutlineFileName:C:\xampp\htdocs\Tienda de discos\Font\Makefont\cp1251.map
FileModTime:1020108784
%EndFont

%BeginFont
Handler:DirectoryHandler
FontType:Invalid
OutlineFileName:C:\xampp\htdocs\Tienda de discos\Font\Makefont\cp1252.map
FileModTime:1020108784
%EndFont

%BeginFont
Handler:DirectoryHandler
FontType:Invalid
OutlineFileName:C:\xampp\htdocs\Tienda de discos\Font\Makefont\cp1253.map
FileModTime:1020626136
%EndFont

%BeginFont
Handler:DirectoryHandler
FontType:Invalid
OutlineFileName:C:\xampp\htdocs\Tienda de discos\Font\Makefont\cp1254.map
FileModTime:1036211808
%EndFont

%BeginFont
Handler:DirectoryHandler
FontType:Invalid
OutlineFileName:C:\xampp\htdocs\Tienda de discos\Font\Makefont\cp1255.map
FileModTime:1055719754
%EndFont

%BeginFont
Handler:DirectoryHandler
FontType:Invalid
OutlineFileName:C:\xampp\htdocs\Tienda de discos\Font\Makefont\cp1257.map
FileModTime:1028146646
%EndFont

%BeginFont
Handler:DirectoryHandler
FontType:Invalid
OutlineFileName:C:\xampp\htdocs\Tienda de discos\Font\Makefont\cp1258.map
FileModTime:1072846306
%EndFont

%BeginFont
Handler:DirectoryHandler
FontType:Invalid
OutlineFileName:C:\xampp\htdocs\Tienda de discos\Font\Makefont\cp874.map
FileModTime:1045353844
%EndFont

%BeginFont
Handler:DirectoryHandler
FontType:Invalid
OutlineFileName:C:\xampp\htdocs\Tienda de discos\Font\Makefont\iso-8859-1.map
FileModTime:1020875168
%EndFont

%BeginFont
Handler:DirectoryHandler
FontType:Invalid
OutlineFileName:C:\xampp\htdocs\Tienda de discos\Font\Makefont\iso-8859-11.map
FileModTime:1045353754
%EndFont

%BeginFont
Handler:DirectoryHandler
FontType:Invalid
OutlineFileName:C:\xampp\htdocs\Tienda de discos\Font\Makefont\iso-8859-15.map
FileModTime:1020875096
%EndFont

%BeginFont
Handler:DirectoryHandler
FontType:Invalid
OutlineFileName:C:\xampp\htdocs\Tienda de discos\Font\Makefont\iso-8859-16.map
FileModTime:1020876580
%EndFont

%BeginFont
Handler:DirectoryHandler
FontType:Invalid
OutlineFileName:C:\xampp\htdocs\Tienda de discos\Font\Makefont\iso-8859-2.map
FileModTime:1020875246
%EndFont

%BeginFont
Handler:DirectoryHandler
FontType:Invalid
OutlineFileName:C:\xampp\htdocs\Tienda de discos\Font\Makefont\iso-8859-4.map
FileModTime:1028146350
%EndFont

%BeginFont
Handler:DirectoryHandler
FontType:Invalid
OutlineFileName:C:\xampp\htdocs\Tienda de discos\Font\Makefont\iso-8859-5.map
FileModTime:1020883110
%EndFont

%BeginFont
Handler:DirectoryHandler
FontType:Invalid
OutlineFileName:C:\xampp\htdocs\Tienda de discos\Font\Makefont\iso-8859-7.map
FileModTime:1020887082
%EndFont

%BeginFont
Handler:DirectoryHandler
FontType:Invalid
OutlineFileName:C:\xampp\htdocs\Tienda de discos\Font\Makefont\iso-8859-9.map
FileModTime:1036282046
%EndFont

%BeginFont
Handler:DirectoryHandler
FontType:Invalid
OutlineFileName:C:\xampp\htdocs\Tienda de discos\Font\Makefont\koi8-r.map
FileModTime:1020885752
%EndFont

%BeginFont
Handler:DirectoryHandler
FontType:Invalid
OutlineFileName:C:\xampp\htdocs\Tienda de discos\Font\Makefont\koi8-u.map
FileModTime:1072659056
%EndFont

%BeginFont
Handler:DirectoryHandler
FontType:Invalid
OutlineFileName:C:\xampp\htdocs\Tienda de discos\Font\Makefont\makefont.php
FileModTime:1072847932
%EndFont

